




<h1></h1>


<h2>
  <a href="">
    
  </a>
</h2>
<p></p>


