Template
  Tag
  Text "Thanks for logging in!"
  Tag
  Text "Please log in."
  Tag
  Text "\n"
