Template
  Comment " greeting "
  Text "hello\n"
  Comment " {% if foo %}bar{% else %} "
  Text "\n"
