OpenVariable
Text " variable|filter:"}}" "
CloseVariable
Text "\n"
EndOfInput
