OpenTag
Text " foo "{# bar %}" "{{ baz }}" "
CloseTag
Text "\n"
EndOfInput
